if true:
	println 1
end

if 1 < 2:
	println 1
else:
	println 2
end

x, y = 1, 2
if 1 < 2:
	x = 5
else:
	y = 5
end
println x, y

if 1 < 2:
	if 4 < 3:
		println 5
	else:
		println 1000
	end
else:
	print "wtf"
end

def test(x):
	if x < 0:
		return -1
	elif x = 0:
		return 0
	else:
		return 1
	end
end

println test(-4)
println test(5)
println test(0)
println test(test(1)) + test(test(-1))

println x > y ? x : y
println x < y ? x : y
println true ? true : true