while true:
	println "1"
	break
end

while false:
	println "2"
end

i = 3
while i < 7:
	i = i + 1
	println i
end

while i < 15:
	i = i + 1
	if i = 11:
		
		break
	end
	println i
then:
	println "nope"
end

while i < 15:
	println i
	if i = 16:
		break
		
	end
	i = i + 1
then:
	println "here"
end

lst = [15, 17 - 1, 18]
for i in lst:
	println i
	lst[2] = i + 1
end
println lst[2]

lst = [19, 20, 21]
for i in lst:
	if i > 20:
		break
	
	end
	println i
then:
	println "nope"
end